[33476.679030] type=1400 audit(1784429245.887:33126): avc:  denied  { ptrace } for  comm="crash_dump64" scontext=u:r:crash_dump:s0 tcontext=u:r:init:s0 tclass=process permissive=1
[33481.642785] type=1400 audit(1784429250.855:33127): avc:  denied  { ptrace } for  comm="crash_dump64" scontext=u:r:crash_dump:s0 tcontext=u:r:init:s0 tclass=process permissive=1
[33481.721212] type=1400 audit(1784429250.931:33128): avc:  denied  { read } for  comm="crash_dump64" name="status" dev="selinuxfs" ino=19 scontext=u:r:crash_dump:s0 tcontext=u:object_r:selinuxfs:s0 tclass=file permissive=1
[33481.721726] type=1400 audit(1784429250.931:33129): avc:  denied  { open } for  comm="crash_dump64" path="/sys/fs/selinux/status" dev="selinuxfs" ino=19 scontext=u:r:crash_dump:s0 tcontext=u:object_r:selinuxfs:s0 tclass=file permissive=1
[33486.641241] type=1400 audit(1784429255.851:33130): avc:  denied  { ptrace } for  comm="crash_dump64" scontext=u:r:crash_dump:s0 tcontext=u:r:init:s0 tclass=process permissive=1
[33486.688425] type=1400 audit(1784429255.899:33131): avc:  denied  { read } for  comm="crash_dump64" name="status" dev="selinuxfs" ino=19 scontext=u:r:crash_dump:s0 tcontext=u:object_r:selinuxfs:s0 tclass=file permissive=1
[33486.689493] type=1400 audit(1784429255.899:33132): avc:  denied  { open } for  comm="crash_dump64" path="/sys/fs/selinux/status" dev="selinuxfs" ino=19 scontext=u:r:crash_dump:s0 tcontext=u:object_r:selinuxfs:s0 tclass=file permissive=1
[33486.719118] type=1400 audit(1784429255.923:33133): avc:  denied  { ptrace } for  comm="crash_dump64" scontext=u:r:crash_dump:s0 tcontext=u:r:init:s0 tclass=process permissive=1
[33491.633282] type=1400 audit(1784429260.843:33134): avc:  denied  { ptrace } for  comm="crash_dump64" scontext=u:r:crash_dump:s0 tcontext=u:r:init:s0 tclass=process permissive=1
[33491.819644] type=1400 audit(1784429261.031:33135): avc:  denied  { read } for  comm="crash_dump64" name="status" dev="selinuxfs" ino=19 scontext=u:r:crash_dump:s0 tcontext=u:object_r:selinuxfs:s0 tclass=file permissive=1
[33491.820721] type=1400 audit(1784429261.031:33136): avc:  denied  { open } for  comm="crash_dump64" path="/sys/fs/selinux/status" dev="selinuxfs" ino=19 scontext=u:r:crash_dump:s0 tcontext=u:object_r:selinuxfs:s0 tclass=file permissive=1
[33496.632827] type=1400 audit(1784429265.843:33137): avc:  denied  { ptrace } for  comm="crash_dump64" scontext=u:r:crash_dump:s0 tcontext=u:r:init:s0 tclass=process permissive=1
[33496.679663] type=1400 audit(1784429265.891:33138): avc:  denied  { read } for  comm="crash_dump64" name="status" dev="selinuxfs" ino=19 scontext=u:r:crash_dump:s0 tcontext=u:object_r:selinuxfs:s0 tclass=file permissive=1
[33496.683398] type=1400 audit(1784429265.891:33139): avc:  denied  { open } for  comm="crash_dump64" path="/sys/fs/selinux/status" dev="selinuxfs" ino=19 scontext=u:r:crash_dump:s0 tcontext=u:object_r:selinuxfs:s0 tclass=file permissive=1
[33501.651628] type=1400 audit(1784429270.863:33140): avc:  denied  { ptrace } for  comm="crash_dump64" scontext=u:r:crash_dump:s0 tcontext=u:r:init:s0 tclass=process permissive=1
[33501.731209] type=1400 audit(1784429270.943:33141): avc:  denied  { read } for  comm="crash_dump64" name="status" dev="selinuxfs" ino=19 scontext=u:r:crash_dump:s0 tcontext=u:object_r:selinuxfs:s0 tclass=file permissive=1
[33501.731598] type=1400 audit(1784429270.943:33142): avc:  denied  { open } for  comm="crash_dump64" path="/sys/fs/selinux/status" dev="selinuxfs" ino=19 scontext=u:r:crash_dump:s0 tcontext=u:object_r:selinuxfs:s0 tclass=file permissive=1
[33501.806369] type=1400 audit(1784429271.015:33143): avc:  denied  { ptrace } for  comm="crash_dump64" scontext=u:r:crash_dump:s0 tcontext=u:r:init:s0 tclass=process permissive=1
[33506.628409] type=1400 audit(1784429275.839:33144): avc:  denied  { ptrace } for  comm="crash_dump64" scontext=u:r:crash_dump:s0 tcontext=u:r:init:s0 tclass=process permissive=1
[33506.679208] type=1400 audit(1784429275.883:33145): avc:  denied  { read } for  comm="crash_dump64" name="status" dev="selinuxfs" ino=19 scontext=u:r:crash_dump:s0 tcontext=u:object_r:selinuxfs:s0 tclass=file permissive=1
[33506.679423] type=1400 audit(1784429275.883:33146): avc:  denied  { open } for  comm="crash_dump64" path="/sys/fs/selinux/status" dev="selinuxfs" ino=19 scontext=u:r:crash_dump:s0 tcontext=u:object_r:selinuxfs:s0 tclass=file permissive=1
[33511.685335] type=1400 audit(1784429280.895:33147): avc:  denied  { ptrace } for  comm="crash_dump64" scontext=u:r:crash_dump:s0 tcontext=u:r:init:s0 tclass=process permissive=1
[33511.784239] type=1400 audit(1784429280.995:33148): avc:  denied  { read } for  comm="crash_dump64" name="status" dev="selinuxfs" ino=19 scontext=u:r:crash_dump:s0 tcontext=u:object_r:selinuxfs:s0 tclass=file permissive=1
[33511.784687] type=1400 audit(1784429280.995:33149): avc:  denied  { open } for  comm="crash_dump64" path="/sys/fs/selinux/status" dev="selinuxfs" ino=19 scontext=u:r:crash_dump:s0 tcontext=u:object_r:selinuxfs:s0 tclass=file permissive=1
[33516.689181] type=1400 audit(1784429285.899:33150): avc:  denied  { ptrace } for  comm="crash_dump64" scontext=u:r:crash_dump:s0 tcontext=u:r:init:s0 tclass=process permissive=1
[33516.743240] type=1400 audit(1784429285.955:33151): avc:  denied  { read } for  comm="crash_dump64" name="status" dev="selinuxfs" ino=19 scontext=u:r:crash_dump:s0 tcontext=u:object_r:selinuxfs:s0 tclass=file permissive=1
[33516.743505] type=1400 audit(1784429285.955:33152): avc:  denied  { open } for  comm="crash_dump64" path="/sys/fs/selinux/status" dev="selinuxfs" ino=19 scontext=u:r:crash_dump:s0 tcontext=u:object_r:selinuxfs:s0 tclass=file permissive=1
[33521.713180] type=1400 audit(1784429290.915:33153): avc:  denied  { ptrace } for  comm="crash_dump64" scontext=u:r:crash_dump:s0 tcontext=u:r:init:s0 tclass=process permissive=1
[33521.792357] type=1400 audit(1784429291.003:33154): avc:  denied  { read } for  comm="crash_dump64" name="status" dev="selinuxfs" ino=19 scontext=u:r:crash_dump:s0 tcontext=u:object_r:selinuxfs:s0 tclass=file permissive=1
[33521.793946] type=1400 audit(1784429291.003:33155): avc:  denied  { open } for  comm="crash_dump64" path="/sys/fs/selinux/status" dev="selinuxfs" ino=19 scontext=u:r:crash_dump:s0 tcontext=u:object_r:selinuxfs:s0 tclass=file permissive=1
[33521.879082] type=1400 audit(1784429291.091:33156): avc:  denied  { read } for  comm="crash_dump64" name="status" dev="selinuxfs" ino=19 scontext=u:r:crash_dump:s0 tcontext=u:object_r:selinuxfs:s0 tclass=file permissive=1
[33521.880472] type=1400 audit(1784429291.091:33157): avc:  denied  { open } for  comm="crash_dump64" path="/sys/fs/selinux/status" dev="selinuxfs" ino=19 scontext=u:r:crash_dump:s0 tcontext=u:object_r:selinuxfs:s0 tclass=file permissive=1
[33526.730450] type=1400 audit(1784429295.939:33158): avc:  denied  { ptrace } for  comm="crash_dump64" scontext=u:r:crash_dump:s0 tcontext=u:r:init:s0 tclass=process permissive=1
[33526.813889] type=1400 audit(1784429296.027:33159): avc:  denied  { read } for  comm="crash_dump64" name="status" dev="selinuxfs" ino=19 scontext=u:r:crash_dump:s0 tcontext=u:object_r:selinuxfs:s0 tclass=file permissive=1
[33526.814855] type=1400 audit(1784429296.027:33160): avc:  denied  { open } for  comm="crash_dump64" path="/sys/fs/selinux/status" dev="selinuxfs" ino=19 scontext=u:r:crash_dump:s0 tcontext=u:object_r:selinuxfs:s0 tclass=file permissive=1
[33526.888247] type=1400 audit(1784429296.099:33161): avc:  denied  { ptrace } for  comm="crash_dump64" scontext=u:r:crash_dump:s0 tcontext=u:r:init:s0 tclass=process permissive=1
[33531.738452] type=1400 audit(1784429300.951:33162): avc:  denied  { ptrace } for  comm="crash_dump64" scontext=u:r:crash_dump:s0 tcontext=u:r:init:s0 tclass=process permissive=1
[33531.775224] type=1400 audit(1784429300.987:33163): avc:  denied  { read } for  comm="crash_dump64" name="status" dev="selinuxfs" ino=19 scontext=u:r:crash_dump:s0 tcontext=u:object_r:selinuxfs:s0 tclass=file permissive=1
[33531.775811] type=1400 audit(1784429300.987:33164): avc:  denied  { open } for  comm="crash_dump64" path="/sys/fs/selinux/status" dev="selinuxfs" ino=19 scontext=u:r:crash_dump:s0 tcontext=u:object_r:selinuxfs:s0 tclass=file permissive=1
[33533.447568] SELinux: avc:  denied  { find } for pid=22748 uid=10253 name=android.system.virtualizationservice scontext=u:r:platform_app:s0:c512,c768 tcontext=u:object_r:virtualization_service:s0 tclass=service_manager permissive=1
[33533.448066] type=1400 audit(1784429302.659:33165): avc:  denied  { call } for  comm="termux.terminal" scontext=u:r:platform_app:s0:c512,c768 tcontext=u:r:virtualizationservice:s0 tclass=binder permissive=1 app=com.termux.kdeconnect
[33533.450884] type=1400 audit(1784429302.663:33166): avc:  denied  { transfer } for  comm="binder:23132_2" scontext=u:r:virtualizationservice:s0 tcontext=u:r:platform_app:s0:c512,c768 tclass=binder permissive=1
[33533.451390] type=1400 audit(1784429302.663:33167): avc:  denied  { call } for  comm="termux.terminal" scontext=u:r:platform_app:s0:c512,c768 tcontext=u:r:crosvm:s0:c512,c768 tclass=binder permissive=1 app=com.termux.kdeconnect
[33533.451471] type=1400 audit(1784429302.663:33168): avc:  denied  { transfer } for  comm="termux.terminal" scontext=u:r:platform_app:s0:c512,c768 tcontext=u:r:crosvm:s0:c512,c768 tclass=binder permissive=1 app=com.termux.kdeconnect
[33533.453136] type=1400 audit(1784429302.667:33169): avc:  denied  { call } for  comm="binder:23282_3" scontext=u:r:crosvm:s0:c512,c768 tcontext=u:r:platform_app:s0:c512,c768 tclass=binder permissive=1 app=com.termux.kdeconnect
[33536.711243] type=1400 audit(1784429305.923:33170): avc:  denied  { ptrace } for  comm="crash_dump64" scontext=u:r:crash_dump:s0 tcontext=u:r:init:s0 tclass=process permissive=1
[33536.788922] type=1400 audit(1784429305.999:33171): avc:  denied  { read } for  comm="crash_dump64" name="status" dev="selinuxfs" ino=19 scontext=u:r:crash_dump:s0 tcontext=u:object_r:selinuxfs:s0 tclass=file permissive=1
[33536.795003] type=1400 audit(1784429305.999:33172): avc:  denied  { open } for  comm="crash_dump64" path="/sys/fs/selinux/status" dev="selinuxfs" ino=19 scontext=u:r:crash_dump:s0 tcontext=u:object_r:selinuxfs:s0 tclass=file permissive=1
[33536.848157] type=1400 audit(1784429306.059:33173): avc:  denied  { ptrace } for  comm="crash_dump64" scontext=u:r:crash_dump:s0 tcontext=u:r:init:s0 tclass=process permissive=1
[33541.739057] type=1400 audit(1784429310.951:33174): avc:  denied  { ptrace } for  comm="crash_dump64" scontext=u:r:crash_dump:s0 tcontext=u:r:init:s0 tclass=process permissive=1
[33541.805740] type=1400 audit(1784429311.019:33175): avc:  denied  { read } for  comm="crash_dump64" name="status" dev="selinuxfs" ino=19 scontext=u:r:crash_dump:s0 tcontext=u:object_r:selinuxfs:s0 tclass=file permissive=1
[33541.806110] type=1400 audit(1784429311.019:33176): avc:  denied  { open } for  comm="crash_dump64" path="/sys/fs/selinux/status" dev="selinuxfs" ino=19 scontext=u:r:crash_dump:s0 tcontext=u:object_r:selinuxfs:s0 tclass=file permissive=1
[33542.092169] type=1400 audit(1784429311.299:33177): avc:  denied  { call } for  comm="termux.terminal" scontext=u:r:platform_app:s0:c512,c768 tcontext=u:r:crosvm:s0:c512,c768 tclass=binder permissive=1 app=com.termux.kdeconnect
[33546.773770] type=1400 audit(1784429315.987:33178): avc:  denied  { ptrace } for  comm="crash_dump64" scontext=u:r:crash_dump:s0 tcontext=u:r:init:s0 tclass=process permissive=1
[33546.805027] type=1400 audit(1784429316.015:33179): avc:  denied  { read } for  comm="crash_dump64" name="status" dev="selinuxfs" ino=19 scontext=u:r:crash_dump:s0 tcontext=u:object_r:selinuxfs:s0 tclass=file permissive=1
[33546.805107] type=1400 audit(1784429316.015:33180): avc:  denied  { open } for  comm="crash_dump64" path="/sys/fs/selinux/status" dev="selinuxfs" ino=19 scontext=u:r:crash_dump:s0 tcontext=u:object_r:selinuxfs:s0 tclass=file permissive=1
[33546.832601] type=1400 audit(1784429316.043:33181): avc:  denied  { read } for  comm="crash_dump64" name="status" dev="selinuxfs" ino=19 scontext=u:r:crash_dump:s0 tcontext=u:object_r:selinuxfs:s0 tclass=file permissive=1
[33546.832713] type=1400 audit(1784429316.043:33182): avc:  denied  { open } for  comm="crash_dump64" path="/sys/fs/selinux/status" dev="selinuxfs" ino=19 scontext=u:r:crash_dump:s0 tcontext=u:object_r:selinuxfs:s0 tclass=file permissive=1
[33551.754141] type=1400 audit(1784429320.963:33183): avc:  denied  { ptrace } for  comm="crash_dump64" scontext=u:r:crash_dump:s0 tcontext=u:r:init:s0 tclass=process permissive=1
[33551.786705] type=1400 audit(1784429320.995:33184): avc:  denied  { read } for  comm="crash_dump64" name="status" dev="selinuxfs" ino=19 scontext=u:r:crash_dump:s0 tcontext=u:object_r:selinuxfs:s0 tclass=file permissive=1
[33551.787077] type=1400 audit(1784429320.995:33185): avc:  denied  { open } for  comm="crash_dump64" path="/sys/fs/selinux/status" dev="selinuxfs" ino=19 scontext=u:r:crash_dump:s0 tcontext=u:object_r:selinuxfs:s0 tclass=file permissive=1
[33556.814616] type=1400 audit(1784429326.027:33186): avc:  denied  { ptrace } for  comm="crash_dump64" scontext=u:r:crash_dump:s0 tcontext=u:r:init:s0 tclass=process permissive=1
[33556.896968] type=1400 audit(1784429326.107:33187): avc:  denied  { read } for  comm="crash_dump64" name="status" dev="selinuxfs" ino=19 scontext=u:r:crash_dump:s0 tcontext=u:object_r:selinuxfs:s0 tclass=file permissive=1
[33556.897244] type=1400 audit(1784429326.107:33188): avc:  denied  { open } for  comm="crash_dump64" path="/sys/fs/selinux/status" dev="selinuxfs" ino=19 scontext=u:r:crash_dump:s0 tcontext=u:object_r:selinuxfs:s0 tclass=file permissive=1
[33556.957019] type=1400 audit(1784429326.147:33189): avc:  denied  { ptrace } for  comm="crash_dump64" scontext=u:r:crash_dump:s0 tcontext=u:r:init:s0 tclass=process permissive=1
[33561.799342] type=1400 audit(1784429331.011:33190): avc:  denied  { ptrace } for  comm="crash_dump64" scontext=u:r:crash_dump:s0 tcontext=u:r:init:s0 tclass=process permissive=1
[33561.811782] type=1400 audit(1784429331.023:33191): avc:  denied  { ptrace } for  comm="crash_dump64" scontext=u:r:crash_dump:s0 tcontext=u:r:init:s0 tclass=process permissive=1
[33561.876476] type=1400 audit(1784429331.087:33192): avc:  denied  { read } for  comm="crash_dump64" name="status" dev="selinuxfs" ino=19 scontext=u:r:crash_dump:s0 tcontext=u:object_r:selinuxfs:s0 tclass=file permissive=1
[33561.876915] type=1400 audit(1784429331.087:33193): avc:  denied  { open } for  comm="crash_dump64" path="/sys/fs/selinux/status" dev="selinuxfs" ino=19 scontext=u:r:crash_dump:s0 tcontext=u:object_r:selinuxfs:s0 tclass=file permissive=1
[33566.841877] type=1400 audit(1784429336.051:33194): avc:  denied  { read } for  comm="crash_dump64" name="status" dev="selinuxfs" ino=19 scontext=u:r:crash_dump:s0 tcontext=u:object_r:selinuxfs:s0 tclass=file permissive=1
[33566.843280] type=1400 audit(1784429336.051:33195): avc:  denied  { open } for  comm="crash_dump64" path="/sys/fs/selinux/status" dev="selinuxfs" ino=19 scontext=u:r:crash_dump:s0 tcontext=u:object_r:selinuxfs:s0 tclass=file permissive=1
[33566.874423] type=1400 audit(1784429336.083:33196): avc:  denied  { read } for  comm="crash_dump64" name="status" dev="selinuxfs" ino=19 scontext=u:r:crash_dump:s0 tcontext=u:object_r:selinuxfs:s0 tclass=file permissive=1
[33566.874478] type=1400 audit(1784429336.083:33197): avc:  denied  { open } for  comm="crash_dump64" path="/sys/fs/selinux/status" dev="selinuxfs" ino=19 scontext=u:r:crash_dump:s0 tcontext=u:object_r:selinuxfs:s0 tclass=file permissive=1
[33571.820099] type=1400 audit(1784429341.031:33198): avc:  denied  { ptrace } for  comm="crash_dump64" scontext=u:r:crash_dump:s0 tcontext=u:r:init:s0 tclass=process permissive=1
[33571.919254] type=1400 audit(1784429341.131:33199): avc:  denied  { read } for  comm="crash_dump64" name="status" dev="selinuxfs" ino=19 scontext=u:r:crash_dump:s0 tcontext=u:object_r:selinuxfs:s0 tclass=file permissive=1
[33571.922828] type=1400 audit(1784429341.131:33200): avc:  denied  { open } for  comm="crash_dump64" path="/sys/fs/selinux/status" dev="selinuxfs" ino=19 scontext=u:r:crash_dump:s0 tcontext=u:object_r:selinuxfs:s0 tclass=file permissive=1
[33576.813530] type=1400 audit(1784429346.027:33201): avc:  denied  { ptrace } for  comm="crash_dump64" scontext=u:r:crash_dump:s0 tcontext=u:r:init:s0 tclass=process permissive=1
[33576.947482] type=1400 audit(1784429346.159:33202): avc:  denied  { read } for  comm="crash_dump64" name="status" dev="selinuxfs" ino=19 scontext=u:r:crash_dump:s0 tcontext=u:object_r:selinuxfs:s0 tclass=file permissive=1
[33576.947642] type=1400 audit(1784429346.159:33203): avc:  denied  { open } for  comm="crash_dump64" path="/sys/fs/selinux/status" dev="selinuxfs" ino=19 scontext=u:r:crash_dump:s0 tcontext=u:object_r:selinuxfs:s0 tclass=file permissive=1
[33581.866127] type=1400 audit(1784429351.079:33204): avc:  denied  { ptrace } for  comm="crash_dump64" scontext=u:r:crash_dump:s0 tcontext=u:r:init:s0 tclass=process permissive=1
[33581.969391] type=1400 audit(1784429351.183:33205): avc:  denied  { read } for  comm="crash_dump64" name="status" dev="selinuxfs" ino=19 scontext=u:r:crash_dump:s0 tcontext=u:object_r:selinuxfs:s0 tclass=file permissive=1
[33581.969589] type=1400 audit(1784429351.183:33206): avc:  denied  { open } for  comm="crash_dump64" path="/sys/fs/selinux/status" dev="selinuxfs" ino=19 scontext=u:r:crash_dump:s0 tcontext=u:object_r:selinuxfs:s0 tclass=file permissive=1
[33586.913037] type=1400 audit(1784429356.123:33207): avc:  denied  { ptrace } for  comm="crash_dump64" scontext=u:r:crash_dump:s0 tcontext=u:r:init:s0 tclass=process permissive=1
[33586.995811] type=1400 audit(1784429356.207:33208): avc:  denied  { read } for  comm="crash_dump64" name="status" dev="selinuxfs" ino=19 scontext=u:r:crash_dump:s0 tcontext=u:object_r:selinuxfs:s0 tclass=file permissive=1
[33586.996074] type=1400 audit(1784429356.207:33209): avc:  denied  { open } for  comm="crash_dump64" path="/sys/fs/selinux/status" dev="selinuxfs" ino=19 scontext=u:r:crash_dump:s0 tcontext=u:object_r:selinuxfs:s0 tclass=file permissive=1
[33587.038248] type=1400 audit(1784429356.247:33210): avc:  denied  { ptrace } for  comm="crash_dump64" scontext=u:r:crash_dump:s0 tcontext=u:r:init:s0 tclass=process permissive=1
[33589.328751] type=1400 audit(1784429358.527:33211): avc:  denied  { unlink } for  comm="crosvm" name="internal.virtiofs" dev="dm-53" ino=454661 scontext=u:r:platform_app:s0:c512,c768 tcontext=u:object_r:app_data_file:s0:c512,c768 tclass=sock_file permissive=1 app=com.termux.kdeconnect
[33591.883473] type=1400 audit(1784429361.095:33212): avc:  denied  { ptrace } for  comm="crash_dump64" scontext=u:r:crash_dump:s0 tcontext=u:r:init:s0 tclass=process permissive=1
[33591.920216] type=1400 audit(1784429361.131:33213): avc:  denied  { read } for  comm="crash_dump64" name="status" dev="selinuxfs" ino=19 scontext=u:r:crash_dump:s0 tcontext=u:object_r:selinuxfs:s0 tclass=file permissive=1
[33591.920794] type=1400 audit(1784429361.131:33214): avc:  denied  { open } for  comm="crash_dump64" path="/sys/fs/selinux/status" dev="selinuxfs" ino=19 scontext=u:r:crash_dump:s0 tcontext=u:object_r:selinuxfs:s0 tclass=file permissive=1
[33596.901519] type=1400 audit(1784429366.111:33215): avc:  denied  { ptrace } for  comm="crash_dump64" scontext=u:r:crash_dump:s0 tcontext=u:r:init:s0 tclass=process permissive=1
[33596.965422] type=1400 audit(1784429366.175:33216): avc:  denied  { ptrace } for  comm="crash_dump64" scontext=u:r:crash_dump:s0 tcontext=u:r:init:s0 tclass=process permissive=1
[33597.020278] type=1400 audit(1784429366.231:33217): avc:  denied  { read } for  comm="crash_dump64" name="status" dev="selinuxfs" ino=19 scontext=u:r:crash_dump:s0 tcontext=u:object_r:selinuxfs:s0 tclass=file permissive=1
[33597.022257] type=1400 audit(1784429366.231:33218): avc:  denied  { open } for  comm="crash_dump64" path="/sys/fs/selinux/status" dev="selinuxfs" ino=19 scontext=u:r:crash_dump:s0 tcontext=u:object_r:selinuxfs:s0 tclass=file permissive=1
[33601.939090] type=1400 audit(1784429371.147:33219): avc:  denied  { ptrace } for  comm="crash_dump64" scontext=u:r:crash_dump:s0 tcontext=u:r:init:s0 tclass=process permissive=1
[33602.041312] type=1400 audit(1784429371.251:33220): avc:  denied  { read } for  comm="crash_dump64" name="status" dev="selinuxfs" ino=19 scontext=u:r:crash_dump:s0 tcontext=u:object_r:selinuxfs:s0 tclass=file permissive=1
[33602.041856] type=1400 audit(1784429371.251:33221): avc:  denied  { open } for  comm="crash_dump64" path="/sys/fs/selinux/status" dev="selinuxfs" ino=19 scontext=u:r:crash_dump:s0 tcontext=u:object_r:selinuxfs:s0 tclass=file permissive=1
[33602.077236] type=1400 audit(1784429371.287:33222): avc:  denied  { ptrace } for  comm="crash_dump64" scontext=u:r:crash_dump:s0 tcontext=u:r:init:s0 tclass=process permissive=1
[33606.966576] type=1400 audit(1784429376.175:33223): avc:  denied  { ptrace } for  comm="crash_dump64" scontext=u:r:crash_dump:s0 tcontext=u:r:init:s0 tclass=process permissive=1
[33607.046452] type=1400 audit(1784429376.259:33224): avc:  denied  { read } for  comm="crash_dump64" name="status" dev="selinuxfs" ino=19 scontext=u:r:crash_dump:s0 tcontext=u:object_r:selinuxfs:s0 tclass=file permissive=1
[33607.051136] type=1400 audit(1784429376.259:33225): avc:  denied  { open } for  comm="crash_dump64" path="/sys/fs/selinux/status" dev="selinuxfs" ino=19 scontext=u:r:crash_dump:s0 tcontext=u:object_r:selinuxfs:s0 tclass=file permissive=1
[33611.969442] type=1400 audit(1784429381.171:33226): avc:  denied  { ptrace } for  comm="crash_dump64" scontext=u:r:crash_dump:s0 tcontext=u:r:init:s0 tclass=process permissive=1
[33612.066187] type=1400 audit(1784429381.271:33227): avc:  denied  { read } for  comm="crash_dump64" name="status" dev="selinuxfs" ino=19 scontext=u:r:crash_dump:s0 tcontext=u:object_r:selinuxfs:s0 tclass=file permissive=1
[33612.066714] type=1400 audit(1784429381.271:33228): avc:  denied  { open } for  comm="crash_dump64" path="/sys/fs/selinux/status" dev="selinuxfs" ino=19 scontext=u:r:crash_dump:s0 tcontext=u:object_r:selinuxfs:s0 tclass=file permissive=1
[33616.975568] type=1400 audit(1784429386.187:33229): avc:  denied  { ptrace } for  comm="crash_dump64" scontext=u:r:crash_dump:s0 tcontext=u:r:init:s0 tclass=process permissive=1
[33617.072667] type=1400 audit(1784429386.283:33230): avc:  denied  { read } for  comm="crash_dump64" name="status" dev="selinuxfs" ino=19 scontext=u:r:crash_dump:s0 tcontext=u:object_r:selinuxfs:s0 tclass=file permissive=1
[33617.074506] type=1400 audit(1784429386.283:33231): avc:  denied  { open } for  comm="crash_dump64" path="/sys/fs/selinux/status" dev="selinuxfs" ino=19 scontext=u:r:crash_dump:s0 tcontext=u:object_r:selinuxfs:s0 tclass=file permissive=1
[33619.154458] type=1400 audit(1784429388.367:33232): avc:  denied  { bind } for  comm="ip" scontext=u:r:untrusted_app:s0:c154,c257,c512,c768 tcontext=u:r:untrusted_app:s0:c154,c257,c512,c768 tclass=netlink_route_socket permissive=1 bug=b/155595000 app=com.tailscale.ipn
[33621.983395] type=1400 audit(1784429391.195:33233): avc:  denied  { ptrace } for  comm="crash_dump64" scontext=u:r:crash_dump:s0 tcontext=u:r:init:s0 tclass=process permissive=1
[33622.022270] type=1400 audit(1784429391.235:33234): avc:  denied  { ptrace } for  comm="crash_dump64" scontext=u:r:crash_dump:s0 tcontext=u:r:init:s0 tclass=process permissive=1
[33622.107358] type=1400 audit(1784429391.319:33235): avc:  denied  { read } for  comm="crash_dump64" name="status" dev="selinuxfs" ino=19 scontext=u:r:crash_dump:s0 tcontext=u:object_r:selinuxfs:s0 tclass=file permissive=1
[33622.108121] type=1400 audit(1784429391.319:33236): avc:  denied  { open } for  comm="crash_dump64" path="/sys/fs/selinux/status" dev="selinuxfs" ino=19 scontext=u:r:crash_dump:s0 tcontext=u:object_r:selinuxfs:s0 tclass=file permissive=1
[33627.005808] type=1400 audit(1784429396.215:33237): avc:  denied  { ptrace } for  comm="crash_dump64" scontext=u:r:crash_dump:s0 tcontext=u:r:init:s0 tclass=process permissive=1
[33627.131841] type=1400 audit(1784429396.343:33238): avc:  denied  { read } for  comm="crash_dump64" name="status" dev="selinuxfs" ino=19 scontext=u:r:crash_dump:s0 tcontext=u:object_r:selinuxfs:s0 tclass=file permissive=1
[33627.132685] type=1400 audit(1784429396.343:33239): avc:  denied  { open } for  comm="crash_dump64" path="/sys/fs/selinux/status" dev="selinuxfs" ino=19 scontext=u:r:crash_dump:s0 tcontext=u:object_r:selinuxfs:s0 tclass=file permissive=1
[33632.122204] type=1400 audit(1784429401.331:33240): avc:  denied  { read } for  comm="crash_dump64" name="status" dev="selinuxfs" ino=19 scontext=u:r:crash_dump:s0 tcontext=u:object_r:selinuxfs:s0 tclass=file permissive=1
[33632.127736] type=1400 audit(1784429401.331:33241): avc:  denied  { open } for  comm="crash_dump64" path="/sys/fs/selinux/status" dev="selinuxfs" ino=19 scontext=u:r:crash_dump:s0 tcontext=u:object_r:selinuxfs:s0 tclass=file permissive=1
[33637.085209] type=1400 audit(1784429406.295:33242): avc:  denied  { ptrace } for  comm="crash_dump64" scontext=u:r:crash_dump:s0 tcontext=u:r:init:s0 tclass=process permissive=1
[33642.138641] type=1400 audit(1784429411.351:33243): avc:  denied  { read } for  comm="crash_dump64" name="status" dev="selinuxfs" ino=19 scontext=u:r:crash_dump:s0 tcontext=u:object_r:selinuxfs:s0 tclass=file permissive=1
[33642.139506] type=1400 audit(1784429411.351:33244): avc:  denied  { open } for  comm="crash_dump64" path="/sys/fs/selinux/status" dev="selinuxfs" ino=19 scontext=u:r:crash_dump:s0 tcontext=u:object_r:selinuxfs:s0 tclass=file permissive=1
[33652.087230] type=1400 audit(1784429421.271:33245): avc:  denied  { ptrace } for  comm="crash_dump64" scontext=u:r:crash_dump:s0 tcontext=u:r:init:s0 tclass=process permissive=1
[33652.142170] type=1400 audit(1784429421.351:33246): avc:  denied  { read } for  comm="crash_dump64" name="status" dev="selinuxfs" ino=19 scontext=u:r:crash_dump:s0 tcontext=u:object_r:selinuxfs:s0 tclass=file permissive=1
[33652.142820] type=1400 audit(1784429421.351:33247): avc:  denied  { open } for  comm="crash_dump64" path="/sys/fs/selinux/status" dev="selinuxfs" ino=19 scontext=u:r:crash_dump:s0 tcontext=u:object_r:selinuxfs:s0 tclass=file permissive=1
[33657.079205] type=1400 audit(1784429426.291:33248): avc:  denied  { ptrace } for  comm="crash_dump64" scontext=u:r:crash_dump:s0 tcontext=u:r:init:s0 tclass=process permissive=1
[33657.126433] type=1400 audit(1784429426.335:33249): avc:  denied  { ptrace } for  comm="crash_dump64" scontext=u:r:crash_dump:s0 tcontext=u:r:init:s0 tclass=process permissive=1
[33657.178315] type=1400 audit(1784429426.391:33250): avc:  denied  { read } for  comm="crash_dump64" name="status" dev="selinuxfs" ino=19 scontext=u:r:crash_dump:s0 tcontext=u:object_r:selinuxfs:s0 tclass=file permissive=1
[33657.178948] type=1400 audit(1784429426.391:33251): avc:  denied  { open } for  comm="crash_dump64" path="/sys/fs/selinux/status" dev="selinuxfs" ino=19 scontext=u:r:crash_dump:s0 tcontext=u:object_r:selinuxfs:s0 tclass=file permissive=1
[33662.137826] type=1400 audit(1784429431.351:33252): avc:  denied  { ptrace } for  comm="crash_dump64" scontext=u:r:crash_dump:s0 tcontext=u:r:init:s0 tclass=process permissive=1
[33662.248103] type=1400 audit(1784429431.447:33253): avc:  denied  { read } for  comm="crash_dump64" name="status" dev="selinuxfs" ino=19 scontext=u:r:crash_dump:s0 tcontext=u:object_r:selinuxfs:s0 tclass=file permissive=1
[33662.248615] type=1400 audit(1784429431.447:33254): avc:  denied  { open } for  comm="crash_dump64" path="/sys/fs/selinux/status" dev="selinuxfs" ino=19 scontext=u:r:crash_dump:s0 tcontext=u:object_r:selinuxfs:s0 tclass=file permissive=1
[33662.304076] type=1400 audit(1784429431.515:33255): avc:  denied  { read } for  comm="crash_dump64" name="status" dev="selinuxfs" ino=19 scontext=u:r:crash_dump:s0 tcontext=u:object_r:selinuxfs:s0 tclass=file permissive=1
[33662.304355] type=1400 audit(1784429431.515:33256): avc:  denied  { open } for  comm="crash_dump64" path="/sys/fs/selinux/status" dev="selinuxfs" ino=19 scontext=u:r:crash_dump:s0 tcontext=u:object_r:selinuxfs:s0 tclass=file permissive=1
[33667.125893] type=1400 audit(1784429436.335:33257): avc:  denied  { ptrace } for  comm="crash_dump64" scontext=u:r:crash_dump:s0 tcontext=u:r:init:s0 tclass=process permissive=1
[33667.219968] type=1400 audit(1784429436.427:33258): avc:  denied  { read } for  comm="crash_dump64" name="status" dev="selinuxfs" ino=19 scontext=u:r:crash_dump:s0 tcontext=u:object_r:selinuxfs:s0 tclass=file permissive=1
[33667.228371] type=1400 audit(1784429436.427:33259): avc:  denied  { open } for  comm="crash_dump64" path="/sys/fs/selinux/status" dev="selinuxfs" ino=19 scontext=u:r:crash_dump:s0 tcontext=u:object_r:selinuxfs:s0 tclass=file permissive=1
[33672.169341] type=1400 audit(1784429441.375:33260): avc:  denied  { ptrace } for  comm="crash_dump64" scontext=u:r:crash_dump:s0 tcontext=u:r:init:s0 tclass=process permissive=1
[33672.290574] type=1400 audit(1784429441.499:33261): avc:  denied  { read } for  comm="crash_dump64" name="status" dev="selinuxfs" ino=19 scontext=u:r:crash_dump:s0 tcontext=u:object_r:selinuxfs:s0 tclass=file permissive=1
[33672.294021] type=1400 audit(1784429441.499:33262): avc:  denied  { open } for  comm="crash_dump64" path="/sys/fs/selinux/status" dev="selinuxfs" ino=19 scontext=u:r:crash_dump:s0 tcontext=u:object_r:selinuxfs:s0 tclass=file permissive=1
[33674.674710] type=1400 audit(1784429443.887:33263): avc:  denied  { read } for  comm="diana.root.noir" name="system" dev="sysfs" ino=9 scontext=u:r:platform_app:s0:c512,c768 tcontext=u:object_r:sysfs:s0 tclass=dir permissive=1 app=com.termux.kdeconnect
[33674.674899] type=1400 audit(1784429443.887:33264): avc:  denied  { open } for  comm="diana.root.noir" path="/sys/devices/system" dev="sysfs" ino=9 scontext=u:r:platform_app:s0:c512,c768 tcontext=u:object_r:sysfs:s0 tclass=dir permissive=1 app=com.termux.kdeconnect
[33677.154420] type=1400 audit(1784429446.363:33265): avc:  denied  { ptrace } for  comm="crash_dump64" scontext=u:r:crash_dump:s0 tcontext=u:r:init:s0 tclass=process permissive=1
[33677.218376] type=1400 audit(1784429446.431:33266): avc:  denied  { ptrace } for  comm="crash_dump64" scontext=u:r:crash_dump:s0 tcontext=u:r:init:s0 tclass=process permissive=1
[33677.247723] type=1400 audit(1784429446.459:33267): avc:  denied  { read } for  comm="crash_dump64" name="status" dev="selinuxfs" ino=19 scontext=u:r:crash_dump:s0 tcontext=u:object_r:selinuxfs:s0 tclass=file permissive=1
[33677.248592] type=1400 audit(1784429446.459:33268): avc:  denied  { open } for  comm="crash_dump64" path="/sys/fs/selinux/status" dev="selinuxfs" ino=19 scontext=u:r:crash_dump:s0 tcontext=u:object_r:selinuxfs:s0 tclass=file permissive=1
[33682.204019] type=1400 audit(1784429451.415:33269): avc:  denied  { ptrace } for  comm="crash_dump64" scontext=u:r:crash_dump:s0 tcontext=u:r:init:s0 tclass=process permissive=1
[33682.275444] type=1400 audit(1784429451.487:33270): avc:  denied  { read } for  comm="crash_dump64" name="status" dev="selinuxfs" ino=19 scontext=u:r:crash_dump:s0 tcontext=u:object_r:selinuxfs:s0 tclass=file permissive=1
[33682.275628] type=1400 audit(1784429451.487:33271): avc:  denied  { open } for  comm="crash_dump64" path="/sys/fs/selinux/status" dev="selinuxfs" ino=19 scontext=u:r:crash_dump:s0 tcontext=u:object_r:selinuxfs:s0 tclass=file permissive=1
[33682.338941] type=1400 audit(1784429451.551:33272): avc:  denied  { ptrace } for  comm="crash_dump64" scontext=u:r:crash_dump:s0 tcontext=u:r:init:s0 tclass=process permissive=1
[33686.792148] type=1400 audit(1784429455.999:33273): avc:  denied  { add_name } for  comm="binder:898_7" name="globalAlert" scontext=u:r:netd:s0 tcontext=u:object_r:proc_net:s0 tclass=dir permissive=1
[33686.794256] type=1400 audit(1784429455.999:33274): avc:  denied  { create } for  comm="binder:898_7" name="globalAlert" scontext=u:r:netd:s0 tcontext=u:object_r:proc_net:s0 tclass=file permissive=1
[33687.255633] type=1400 audit(1784429456.455:33275): avc:  denied  { ptrace } for  comm="crash_dump64" scontext=u:r:crash_dump:s0 tcontext=u:r:init:s0 tclass=process permissive=1
[33687.293653] type=1400 audit(1784429456.503:33276): avc:  denied  { ptrace } for  comm="crash_dump64" scontext=u:r:crash_dump:s0 tcontext=u:r:init:s0 tclass=process permissive=1
[33687.321605] type=1400 audit(1784429456.535:33277): avc:  denied  { read } for  comm="crash_dump64" name="status" dev="selinuxfs" ino=19 scontext=u:r:crash_dump:s0 tcontext=u:object_r:selinuxfs:s0 tclass=file permissive=1
[33687.321821] type=1400 audit(1784429456.535:33278): avc:  denied  { open } for  comm="crash_dump64" path="/sys/fs/selinux/status" dev="selinuxfs" ino=19 scontext=u:r:crash_dump:s0 tcontext=u:object_r:selinuxfs:s0 tclass=file permissive=1
[33692.235944] type=1400 audit(1784429461.443:33279): avc:  denied  { ptrace } for  comm="crash_dump64" scontext=u:r:crash_dump:s0 tcontext=u:r:init:s0 tclass=process permissive=1
[33692.335419] type=1400 audit(1784429461.547:33280): avc:  denied  { read } for  comm="crash_dump64" name="status" dev="selinuxfs" ino=19 scontext=u:r:crash_dump:s0 tcontext=u:object_r:selinuxfs:s0 tclass=file permissive=1
[33692.338303] type=1400 audit(1784429461.547:33281): avc:  denied  { open } for  comm="crash_dump64" path="/sys/fs/selinux/status" dev="selinuxfs" ino=19 scontext=u:r:crash_dump:s0 tcontext=u:object_r:selinuxfs:s0 tclass=file permissive=1
[33692.379435] type=1400 audit(1784429461.583:33282): avc:  denied  { ptrace } for  comm="crash_dump64" scontext=u:r:crash_dump:s0 tcontext=u:r:init:s0 tclass=process permissive=1
[33697.237682] type=1400 audit(1784429466.451:33283): avc:  denied  { ptrace } for  comm="crash_dump64" scontext=u:r:crash_dump:s0 tcontext=u:r:init:s0 tclass=process permissive=1
[33697.312665] type=1400 audit(1784429466.523:33284): avc:  denied  { read } for  comm="crash_dump64" name="status" dev="selinuxfs" ino=19 scontext=u:r:crash_dump:s0 tcontext=u:object_r:selinuxfs:s0 tclass=file permissive=1
[33697.313200] type=1400 audit(1784429466.523:33285): avc:  denied  { open } for  comm="crash_dump64" path="/sys/fs/selinux/status" dev="selinuxfs" ino=19 scontext=u:r:crash_dump:s0 tcontext=u:object_r:selinuxfs:s0 tclass=file permissive=1
[33702.254718] type=1400 audit(1784429471.467:33286): avc:  denied  { ptrace } for  comm="crash_dump64" scontext=u:r:crash_dump:s0 tcontext=u:r:init:s0 tclass=process permissive=1
[33702.326467] type=1400 audit(1784429471.539:33287): avc:  denied  { read } for  comm="crash_dump64" name="status" dev="selinuxfs" ino=19 scontext=u:r:crash_dump:s0 tcontext=u:object_r:selinuxfs:s0 tclass=file permissive=1
[33702.326957] type=1400 audit(1784429471.539:33288): avc:  denied  { open } for  comm="crash_dump64" path="/sys/fs/selinux/status" dev="selinuxfs" ino=19 scontext=u:r:crash_dump:s0 tcontext=u:object_r:selinuxfs:s0 tclass=file permissive=1
[33705.726513] type=1400 audit(1784429474.935:33289): avc:  denied  { add_name } for  comm="binder:898_6" name="globalAlert" scontext=u:r:netd:s0 tcontext=u:object_r:proc_net:s0 tclass=dir permissive=1
[33705.729463] type=1400 audit(1784429474.935:33290): avc:  denied  { create } for  comm="binder:898_6" name="globalAlert" scontext=u:r:netd:s0 tcontext=u:object_r:proc_net:s0 tclass=file permissive=1
[33707.264066] type=1400 audit(1784429476.475:33291): avc:  denied  { ptrace } for  comm="crash_dump64" scontext=u:r:crash_dump:s0 tcontext=u:r:init:s0 tclass=process permissive=1
[33707.341309] type=1400 audit(1784429476.551:33292): avc:  denied  { read } for  comm="crash_dump64" name="status" dev="selinuxfs" ino=19 scontext=u:r:crash_dump:s0 tcontext=u:object_r:selinuxfs:s0 tclass=file permissive=1
[33707.341927] type=1400 audit(1784429476.551:33293): avc:  denied  { open } for  comm="crash_dump64" path="/sys/fs/selinux/status" dev="selinuxfs" ino=19 scontext=u:r:crash_dump:s0 tcontext=u:object_r:selinuxfs:s0 tclass=file permissive=1
[33712.317054] type=1400 audit(1784429481.527:33294): avc:  denied  { ptrace } for  comm="crash_dump64" scontext=u:r:crash_dump:s0 tcontext=u:r:init:s0 tclass=process permissive=1
[33712.407119] type=1400 audit(1784429481.619:33295): avc:  denied  { read } for  comm="crash_dump64" name="status" dev="selinuxfs" ino=19 scontext=u:r:crash_dump:s0 tcontext=u:object_r:selinuxfs:s0 tclass=file permissive=1
[33712.408376] type=1400 audit(1784429481.619:33296): avc:  denied  { open } for  comm="crash_dump64" path="/sys/fs/selinux/status" dev="selinuxfs" ino=19 scontext=u:r:crash_dump:s0 tcontext=u:object_r:selinuxfs:s0 tclass=file permissive=1
[33717.301007] type=1400 audit(1784429486.507:33297): avc:  denied  { ptrace } for  comm="crash_dump64" scontext=u:r:crash_dump:s0 tcontext=u:r:init:s0 tclass=process permissive=1
[33717.365038] type=1400 audit(1784429486.575:33298): avc:  denied  { read } for  comm="crash_dump64" name="status" dev="selinuxfs" ino=19 scontext=u:r:crash_dump:s0 tcontext=u:object_r:selinuxfs:s0 tclass=file permissive=1
[33717.368728] type=1400 audit(1784429486.575:33299): avc:  denied  { open } for  comm="crash_dump64" path="/sys/fs/selinux/status" dev="selinuxfs" ino=19 scontext=u:r:crash_dump:s0 tcontext=u:object_r:selinuxfs:s0 tclass=file permissive=1
[33722.344200] type=1400 audit(1784429491.555:33300): avc:  denied  { ptrace } for  comm="crash_dump64" scontext=u:r:crash_dump:s0 tcontext=u:r:init:s0 tclass=process permissive=1
[33722.438869] type=1400 audit(1784429491.651:33301): avc:  denied  { read } for  comm="crash_dump64" name="status" dev="selinuxfs" ino=19 scontext=u:r:crash_dump:s0 tcontext=u:object_r:selinuxfs:s0 tclass=file permissive=1
[33722.439723] type=1400 audit(1784429491.651:33302): avc:  denied  { open } for  comm="crash_dump64" path="/sys/fs/selinux/status" dev="selinuxfs" ino=19 scontext=u:r:crash_dump:s0 tcontext=u:object_r:selinuxfs:s0 tclass=file permissive=1
[33722.442315] type=1400 audit(1784429491.651:33303): avc:  denied  { ptrace } for  comm="crash_dump64" scontext=u:r:crash_dump:s0 tcontext=u:r:init:s0 tclass=process permissive=1
[33727.345933] type=1400 audit(1784429496.555:33304): avc:  denied  { ptrace } for  comm="crash_dump64" scontext=u:r:crash_dump:s0 tcontext=u:r:init:s0 tclass=process permissive=1
[33727.406843] type=1400 audit(1784429496.619:33305): avc:  denied  { ptrace } for  comm="crash_dump64" scontext=u:r:crash_dump:s0 tcontext=u:r:init:s0 tclass=process permissive=1
[33727.461856] type=1400 audit(1784429496.671:33306): avc:  denied  { read } for  comm="crash_dump64" name="status" dev="selinuxfs" ino=19 scontext=u:r:crash_dump:s0 tcontext=u:object_r:selinuxfs:s0 tclass=file permissive=1
[33727.462264] type=1400 audit(1784429496.671:33307): avc:  denied  { open } for  comm="crash_dump64" path="/sys/fs/selinux/status" dev="selinuxfs" ino=19 scontext=u:r:crash_dump:s0 tcontext=u:object_r:selinuxfs:s0 tclass=file permissive=1
[33727.896444] type=1400 audit(1784429497.107:33308): avc:  denied  { add_name } for  comm="binder:898_6" name="globalAlert" scontext=u:r:netd:s0 tcontext=u:object_r:proc_net:s0 tclass=dir permissive=1
[33727.897273] type=1400 audit(1784429497.107:33309): avc:  denied  { create } for  comm="binder:898_6" name="globalAlert" scontext=u:r:netd:s0 tcontext=u:object_r:proc_net:s0 tclass=file permissive=1
[33732.358769] type=1400 audit(1784429501.551:33310): avc:  denied  { ptrace } for  comm="crash_dump64" scontext=u:r:crash_dump:s0 tcontext=u:r:init:s0 tclass=process permissive=1
[33732.465414] type=1400 audit(1784429501.679:33311): avc:  denied  { read } for  comm="crash_dump64" name="status" dev="selinuxfs" ino=19 scontext=u:r:crash_dump:s0 tcontext=u:object_r:selinuxfs:s0 tclass=file permissive=1
[33732.465651] type=1400 audit(1784429501.679:33312): avc:  denied  { open } for  comm="crash_dump64" path="/sys/fs/selinux/status" dev="selinuxfs" ino=19 scontext=u:r:crash_dump:s0 tcontext=u:object_r:selinuxfs:s0 tclass=file permissive=1
[33737.361383] type=1400 audit(1784429506.571:33313): avc:  denied  { ptrace } for  comm="crash_dump64" scontext=u:r:crash_dump:s0 tcontext=u:r:init:s0 tclass=process permissive=1
[33737.452059] type=1400 audit(1784429506.663:33314): avc:  denied  { read } for  comm="crash_dump64" name="status" dev="selinuxfs" ino=19 scontext=u:r:crash_dump:s0 tcontext=u:object_r:selinuxfs:s0 tclass=file permissive=1
[33737.463673] type=1400 audit(1784429506.663:33315): avc:  denied  { open } for  comm="crash_dump64" path="/sys/fs/selinux/status" dev="selinuxfs" ino=19 scontext=u:r:crash_dump:s0 tcontext=u:object_r:selinuxfs:s0 tclass=file permissive=1
[33742.328393] type=1400 audit(1784429511.539:33316): avc:  denied  { ptrace } for  comm="crash_dump64" scontext=u:r:crash_dump:s0 tcontext=u:r:init:s0 tclass=process permissive=1
[33742.356444] type=1400 audit(1784429511.567:33317): avc:  denied  { read } for  comm="crash_dump64" name="status" dev="selinuxfs" ino=19 scontext=u:r:crash_dump:s0 tcontext=u:object_r:selinuxfs:s0 tclass=file permissive=1
[33742.356533] type=1400 audit(1784429511.567:33318): avc:  denied  { open } for  comm="crash_dump64" path="/sys/fs/selinux/status" dev="selinuxfs" ino=19 scontext=u:r:crash_dump:s0 tcontext=u:object_r:selinuxfs:s0 tclass=file permissive=1
[33747.366106] type=1400 audit(1784429516.575:33319): avc:  denied  { ptrace } for  comm="crash_dump64" scontext=u:r:crash_dump:s0 tcontext=u:r:init:s0 tclass=process permissive=1
[33747.438875] type=1400 audit(1784429516.651:33320): avc:  denied  { read } for  comm="crash_dump64" name="status" dev="selinuxfs" ino=19 scontext=u:r:crash_dump:s0 tcontext=u:object_r:selinuxfs:s0 tclass=file permissive=1
[33747.440303] type=1400 audit(1784429516.651:33321): avc:  denied  { open } for  comm="crash_dump64" path="/sys/fs/selinux/status" dev="selinuxfs" ino=19 scontext=u:r:crash_dump:s0 tcontext=u:object_r:selinuxfs:s0 tclass=file permissive=1
[33749.748613] type=1400 audit(1784429518.955:33322): avc:  denied  { add_name } for  comm="binder:898_6" name="globalAlert" scontext=u:r:netd:s0 tcontext=u:object_r:proc_net:s0 tclass=dir permissive=1
[33749.753074] type=1400 audit(1784429518.955:33323): avc:  denied  { create } for  comm="binder:898_6" name="globalAlert" scontext=u:r:netd:s0 tcontext=u:object_r:proc_net:s0 tclass=file permissive=1
[33752.388544] type=1400 audit(1784429521.595:33324): avc:  denied  { ptrace } for  comm="crash_dump64" scontext=u:r:crash_dump:s0 tcontext=u:r:init:s0 tclass=process permissive=1
[33752.522777] type=1400 audit(1784429521.735:33325): avc:  denied  { read } for  comm="crash_dump64" name="status" dev="selinuxfs" ino=19 scontext=u:r:crash_dump:s0 tcontext=u:object_r:selinuxfs:s0 tclass=file permissive=1
[33752.523431] type=1400 audit(1784429521.735:33326): avc:  denied  { open } for  comm="crash_dump64" path="/sys/fs/selinux/status" dev="selinuxfs" ino=19 scontext=u:r:crash_dump:s0 tcontext=u:object_r:selinuxfs:s0 tclass=file permissive=1
[33757.370395] type=1400 audit(1784429526.583:33327): avc:  denied  { ptrace } for  comm="crash_dump64" scontext=u:r:crash_dump:s0 tcontext=u:r:init:s0 tclass=process permissive=1
[33757.413131] type=1400 audit(1784429526.627:33328): avc:  denied  { read } for  comm="crash_dump64" name="status" dev="selinuxfs" ino=19 scontext=u:r:crash_dump:s0 tcontext=u:object_r:selinuxfs:s0 tclass=file permissive=1
[33757.413234] type=1400 audit(1784429526.627:33329): avc:  denied  { open } for  comm="crash_dump64" path="/sys/fs/selinux/status" dev="selinuxfs" ino=19 scontext=u:r:crash_dump:s0 tcontext=u:object_r:selinuxfs:s0 tclass=file permissive=1
[33757.442362] type=1400 audit(1784429526.655:33330): avc:  denied  { read } for  comm="crash_dump64" name="status" dev="selinuxfs" ino=19 scontext=u:r:crash_dump:s0 tcontext=u:object_r:selinuxfs:s0 tclass=file permissive=1
[33757.442430] type=1400 audit(1784429526.655:33331): avc:  denied  { open } for  comm="crash_dump64" path="/sys/fs/selinux/status" dev="selinuxfs" ino=19 scontext=u:r:crash_dump:s0 tcontext=u:object_r:selinuxfs:s0 tclass=file permissive=1
[33760.511954] type=1400 audit(1784429529.723:33332): avc:  denied  { add_name } for  comm="binder:898_6" name="globalAlert" scontext=u:r:netd:s0 tcontext=u:object_r:proc_net:s0 tclass=dir permissive=1
[33760.512435] type=1400 audit(1784429529.723:33333): avc:  denied  { create } for  comm="binder:898_6" name="globalAlert" scontext=u:r:netd:s0 tcontext=u:object_r:proc_net:s0 tclass=file permissive=1
[33762.434680] type=1400 audit(1784429531.647:33334): avc:  denied  { ptrace } for  comm="crash_dump64" scontext=u:r:crash_dump:s0 tcontext=u:r:init:s0 tclass=process permissive=1
[33762.509019] type=1400 audit(1784429531.719:33335): avc:  denied  { read } for  comm="crash_dump64" name="status" dev="selinuxfs" ino=19 scontext=u:r:crash_dump:s0 tcontext=u:object_r:selinuxfs:s0 tclass=file permissive=1
[33762.509140] type=1400 audit(1784429531.719:33336): avc:  denied  { open } for  comm="crash_dump64" path="/sys/fs/selinux/status" dev="selinuxfs" ino=19 scontext=u:r:crash_dump:s0 tcontext=u:object_r:selinuxfs:s0 tclass=file permissive=1
[33767.450697] type=1400 audit(1784429536.663:33337): avc:  denied  { ptrace } for  comm="crash_dump64" scontext=u:r:crash_dump:s0 tcontext=u:r:init:s0 tclass=process permissive=1
[33767.511321] type=1400 audit(1784429536.723:33338): avc:  denied  { read } for  comm="crash_dump64" name="status" dev="selinuxfs" ino=19 scontext=u:r:crash_dump:s0 tcontext=u:object_r:selinuxfs:s0 tclass=file permissive=1
[33767.511470] type=1400 audit(1784429536.723:33339): avc:  denied  { open } for  comm="crash_dump64" path="/sys/fs/selinux/status" dev="selinuxfs" ino=19 scontext=u:r:crash_dump:s0 tcontext=u:object_r:selinuxfs:s0 tclass=file permissive=1
[33770.737230] type=1400 audit(1784429539.947:33340): avc:  denied  { add_name } for  comm="binder:898_6" name="globalAlert" scontext=u:r:netd:s0 tcontext=u:object_r:proc_net:s0 tclass=dir permissive=1
[33770.737539] type=1400 audit(1784429539.947:33341): avc:  denied  { create } for  comm="binder:898_6" name="globalAlert" scontext=u:r:netd:s0 tcontext=u:object_r:proc_net:s0 tclass=file permissive=1
[33772.479105] type=1400 audit(1784429541.691:33342): avc:  denied  { ptrace } for  comm="crash_dump64" scontext=u:r:crash_dump:s0 tcontext=u:r:init:s0 tclass=process permissive=1
[33772.546360] type=1400 audit(1784429541.759:33343): avc:  denied  { read } for  comm="crash_dump64" name="status" dev="selinuxfs" ino=19 scontext=u:r:crash_dump:s0 tcontext=u:object_r:selinuxfs:s0 tclass=file permissive=1
[33772.546575] type=1400 audit(1784429541.759:33344): avc:  denied  { open } for  comm="crash_dump64" path="/sys/fs/selinux/status" dev="selinuxfs" ino=19 scontext=u:r:crash_dump:s0 tcontext=u:object_r:selinuxfs:s0 tclass=file permissive=1
[33777.502136] type=1400 audit(1784429546.711:33345): avc:  denied  { ptrace } for  comm="crash_dump64" scontext=u:r:crash_dump:s0 tcontext=u:r:init:s0 tclass=process permissive=1
[33777.550535] type=1400 audit(1784429546.759:33346): avc:  denied  { ptrace } for  comm="crash_dump64" scontext=u:r:crash_dump:s0 tcontext=u:r:init:s0 tclass=process permissive=1
[33777.595030] type=1400 audit(1784429546.807:33347): avc:  denied  { read } for  comm="crash_dump64" name="status" dev="selinuxfs" ino=19 scontext=u:r:crash_dump:s0 tcontext=u:object_r:selinuxfs:s0 tclass=file permissive=1
[33777.595148] type=1400 audit(1784429546.807:33348): avc:  denied  { open } for  comm="crash_dump64" path="/sys/fs/selinux/status" dev="selinuxfs" ino=19 scontext=u:r:crash_dump:s0 tcontext=u:object_r:selinuxfs:s0 tclass=file permissive=1
